Archive member included because of file (symbol)

/usr/lib/gcc/arm-none-eabi/4.8.2/../../../arm-none-eabi/lib/armv7e-m/fpu/libg.a(lib_a-memcpy.o)
                              /tmp/cceUVhov.o (memcpy)
/usr/lib/gcc/arm-none-eabi/4.8.2/../../../arm-none-eabi/lib/armv7e-m/fpu/libg.a(lib_a-memset.o)
                              /tmp/ccPL2z3E.o (memset)

Allocating common symbols
Common symbol       size              file

defaultTaskHandle   0x4               /tmp/ccQB7LQq.o
xQueueRegistry      0x40              /tmp/cceUVhov.o
pFlash              0x20              /tmp/ccHQMdH8.o
hadc1               0x44              /tmp/ccQB7LQq.o
huart1              0x40              /tmp/ccQB7LQq.o
hdma_adc1           0x50              /tmp/ccQB7LQq.o
hspi1               0x58              /tmp/ccQB7LQq.o
htim2               0x3c              /tmp/ccQB7LQq.o

Memory Configuration

Name             Origin             Length             Attributes
RAM              0x0000000020000000 0x0000000000020000 xrw
FLASH            0x0000000008000000 0x0000000000100000 xr
*default*        0x0000000000000000 0xffffffffffffffff

Linker script and memory map

LOAD /tmp/ccEJ1ndP.o
LOAD /tmp/ccFEtF2J.o
LOAD /tmp/ccPL2z3E.o
LOAD /tmp/ccuicY9z.o
LOAD /tmp/cceUVhov.o
LOAD /tmp/ccjiCNGq.o
LOAD /tmp/ccPo771l.o
LOAD /tmp/cctAd5uh.o
LOAD /tmp/cc04N41c.o
LOAD /tmp/ccHQMdH8.o
LOAD /tmp/ccEGYlu4.o
LOAD /tmp/ccqaCOo0.o
LOAD /tmp/ccu1QVpW.o
LOAD /tmp/cc9kENyS.o
LOAD /tmp/cckxVZgP.o
LOAD /tmp/ccXfQlcM.o
LOAD /tmp/ccWaTTgJ.o
LOAD /tmp/cciTicsG.o
LOAD /tmp/ccs6uKTD.o
LOAD /tmp/cc2QhwLB.o
LOAD /tmp/ccSMKeRz.o
LOAD /tmp/ccs3VUay.o
LOAD /tmp/cc6ZrjFw.o
LOAD /tmp/ccLPTNgv.o
LOAD /tmp/ccws8qZt.o
LOAD /tmp/cclgu8Ps.o
LOAD /tmp/cc8arHMr.o
LOAD /tmp/ccQB7LQq.o
LOAD /tmp/ccWAxjXp.o
LOAD /tmp/ccBQ0jap.o
LOAD /tmp/ccIxw6to.o
LOAD /tmp/ccjqocUn.o
LOAD /tmp/cca66Wkn.o
START GROUP
LOAD /usr/lib/gcc/arm-none-eabi/4.8.2/armv7e-m/fpu/libgcc.a
LOAD /usr/lib/gcc/arm-none-eabi/4.8.2/../../../arm-none-eabi/lib/armv7e-m/fpu/libg.a
LOAD /usr/lib/gcc/arm-none-eabi/4.8.2/../../../arm-none-eabi/lib/armv7e-m/fpu/libc.a
END GROUP
                0x0000000000000400                __Stack_Size = 0x400
                0x0000000000000400                PROVIDE (_Stack_Size, __Stack_Size)
                0x000000002001fc00                __Stack_Init = (_estack - __Stack_Size)
                0x000000002001fc00                PROVIDE (_Stack_Init, __Stack_Init)
                0x0000000000000100                _Minimum_Stack_Size = 0x100
                0x0000000020020000                _estack = 0x20020000

.isr_vector     0x0000000008000000      0x188
                0x0000000008000000                . = ALIGN (0x4)
 *(.isr_vector)
 .isr_vector    0x0000000008000000      0x188 /tmp/cca66Wkn.o
                0x0000000008000000                g_pfnVectors
                0x0000000008000188                . = ALIGN (0x4)

.flashtext      0x0000000008000188        0x0
                0x0000000008000188                . = ALIGN (0x4)
 *(.flashtext)
                0x0000000008000188                . = ALIGN (0x4)

.text           0x0000000008000188    0x1cc6c
                0x0000000008000188                . = ALIGN (0x4)
 *(.text)
 .text          0x0000000008000188      0x420 /tmp/ccEJ1ndP.o
                0x0000000008000188                pvPortMalloc
                0x000000000800031c                vPortFree
                0x00000000080003c4                xPortGetFreeHeapSize
                0x00000000080003dc                xPortGetMinimumEverFreeHeapSize
                0x00000000080003f4                vPortInitialiseBlocks
 .text          0x00000000080005a8      0x164 /tmp/ccFEtF2J.o
                0x00000000080005a8                vListInitialise
                0x00000000080005e8                vListInitialiseItem
                0x0000000008000600                vListInsertEnd
                0x0000000008000648                vListInsert
                0x00000000080006b8                uxListRemove
 .text          0x000000000800070c     0x19c0 /tmp/ccPL2z3E.o
                0x000000000800070c                xTaskGenericCreate
                0x00000000080008bc                vTaskDelete
                0x00000000080009cc                vTaskDelay
                0x0000000008000a64                uxTaskPriorityGet
                0x0000000008000a9c                vTaskPrioritySet
                0x0000000008000c08                vTaskSuspend
                0x0000000008000d8c                vTaskResume
                0x0000000008000e38                xTaskResumeFromISR
                0x0000000008000f00                vTaskStartScheduler
                0x0000000008000f6c                vTaskEndScheduler
                0x0000000008000f88                vTaskSuspendAll
                0x0000000008000fac                xTaskResumeAll
                0x0000000008001100                xTaskGetTickCount
                0x0000000008001124                xTaskGetTickCountFromISR
                0x0000000008001150                uxTaskGetNumberOfTasks
                0x0000000008001168                uxTaskGetSystemState
                0x000000000800126c                xTaskIncrementTick
                0x0000000008001444                vTaskSwitchContext
                0x00000000080014fc                vTaskPlaceOnEventList
                0x00000000080015a8                vTaskPlaceOnUnorderedEventList
                0x000000000800167c                xTaskRemoveFromEventList
                0x0000000008001744                xTaskRemoveFromUnorderedEventList
                0x0000000008001804                vTaskSetTimeOutState
                0x000000000800183c                xTaskCheckForTimeOut
                0x00000000080018e0                vTaskMissedYield
                0x00000000080018f8                uxTaskGetTaskNumber
                0x0000000008001924                vTaskSetTaskNumber
                0x0000000008001ddc                xTaskGetCurrentTaskHandle
                0x0000000008001dfc                xTaskGetSchedulerState
                0x0000000008001e3c                vTaskPriorityInherit
                0x0000000008001f60                xTaskPriorityDisinherit
                0x0000000008002054                uxTaskResetEventItemValue
                0x0000000008002094                pvTaskIncrementMutexHeldCount
 .text          0x00000000080020cc      0x4d4 /tmp/ccuicY9z.o
                0x00000000080020cc                xEventGroupCreate
                0x00000000080020fc                xEventGroupSync
                0x0000000008002218                xEventGroupWaitBits
                0x0000000008002358                xEventGroupClearBits
                0x000000000800239c                xEventGroupGetBitsFromISR
                0x00000000080023c4                xEventGroupSetBits
                0x00000000080024b0                vEventGroupDelete
                0x0000000008002500                vEventGroupSetBitsCallback
                0x0000000008002518                vEventGroupClearBitsCallback
                0x0000000008002574                uxEventGroupGetNumber
 .text          0x00000000080025a0      0xc68 /tmp/cceUVhov.o
                0x00000000080025a0                xQueueGenericReset
                0x0000000008002650                xQueueGenericCreate
                0x00000000080026d4                xQueueCreateMutex
                0x0000000008002764                xQueueGiveMutexRecursive
                0x00000000080027bc                xQueueTakeMutexRecursive
                0x000000000800281c                xQueueCreateCountingSemaphore
                0x0000000008002870                xQueueGenericSend
                0x00000000080029fc                xQueueGenericSendFromISR
                0x0000000008002ae4                xQueueGenericReceive
                0x0000000008002ca0                xQueueReceiveFromISR
                0x0000000008002d54                xQueuePeekFromISR
                0x0000000008002dcc                uxQueueMessagesWaiting
                0x0000000008002df8                uxQueueSpacesAvailable
                0x0000000008002e30                uxQueueMessagesWaitingFromISR
                0x0000000008002e54                vQueueDelete
                0x0000000008002e90                uxQueueGetQueueNumber
                0x0000000008002ea8                vQueueSetQueueNumber
                0x0000000008002ec4                ucQueueGetQueueType
                0x00000000080030cc                xQueueIsQueueEmptyFromISR
                0x000000000800312c                xQueueIsQueueFullFromISR
                0x0000000008003160                vQueueAddToRegistry
                0x00000000080031bc                vQueueUnregisterQueue
 .text          0x0000000008003208      0x510 /tmp/ccjiCNGq.o
                0x0000000008003208                xCoRoutineCreate
                0x00000000080032e4                vCoRoutineAddToDelayedList
                0x000000000800356c                vCoRoutineSchedule
                0x00000000080036c4                xCoRoutineRemoveFromEventList
 .text          0x0000000008003718        0x0 /tmp/ccPo771l.o
 .text          0x0000000008003718      0xa84 /tmp/cctAd5uh.o
                0x0000000008003798                osKernelStart
                0x00000000080037a8                osKernelRunning
                0x00000000080037c0                osKernelSysTick
                0x00000000080037e0                osThreadCreate
                0x0000000008003838                osThreadGetId
                0x0000000008003848                osThreadTerminate
                0x0000000008003860                osThreadYield
                0x0000000008003870                osThreadSetPriority
                0x000000000800389c                osThreadGetPriority
                0x00000000080038bc                osDelay
                0x00000000080038e4                osTimerCreate
                0x0000000008003900                osTimerStart
                0x0000000008003920                osTimerStop
                0x0000000008003940                osTimerDelete
                0x0000000008003960                osMutexCreate
                0x0000000008003978                osMutexWait
                0x0000000008003a10                osMutexRelease
                0x0000000008003a7c                osMutexDelete
                0x0000000008003aa4                osSemaphoreCreate
                0x0000000008003aec                osSemaphoreWait
                0x0000000008003b84                osSemaphoreRelease
                0x0000000008003bf0                osSemaphoreDelete
                0x0000000008003c18                osPoolCreate
                0x0000000008003cd4                osPoolAlloc
                0x0000000008003d84                osPoolCAlloc
                0x0000000008003db0                osPoolFree
                0x0000000008003e34                osMessageCreate
                0x0000000008003e58                osMessagePut
                0x0000000008003ed8                osMessageGet
                0x0000000008003fb0                osSystickHandler
                0x0000000008003fc4                osThreadSuspend
                0x0000000008003fdc                osThreadResume
                0x000000000800401c                osThreadSuspendAll
                0x000000000800402c                osThreadResumeAll
                0x0000000008004044                osDelayUntil
                0x000000000800405c                osThreadList
                0x0000000008004074                osMessagePeek
                0x0000000008004104                osRecursiveMutexCreate
                0x000000000800411c                osRecursiveMutexRelease
                0x0000000008004144                osRecursiveMutexWait
 .text          0x000000000800419c      0x400 /tmp/cc04N41c.o
                0x000000000800419c                pxPortInitialiseStack
                0x0000000008004224                SVC_Handler
                0x0000000008004260                xPortStartScheduler
                0x0000000008004378                vPortEndScheduler
                0x0000000008004394                vPortYield
                0x00000000080043b8                vPortEnterCritical
                0x0000000008004408                vPortExitCritical
                0x000000000800444c                ulPortSetInterruptMask
                0x0000000008004460                vPortClearInterruptMask
                0x0000000008004468                PendSV_Handler
                0x00000000080044c0                xPortSysTickHandler
                0x00000000080044e8                vPortSetupTimerInterrupt
                0x0000000008004534                vPortValidateInterruptPriority
 .text          0x000000000800459c      0x850 /tmp/ccHQMdH8.o
                0x000000000800459c                HAL_FLASH_Program
                0x0000000008004658                HAL_FLASH_Program_IT
                0x0000000008004728                HAL_FLASH_IRQHandler
                0x0000000008004988                HAL_FLASH_EndOfOperationCallback
                0x000000000800499c                HAL_FLASH_OperationErrorCallback
                0x00000000080049b0                HAL_FLASH_Unlock
                0x00000000080049f8                HAL_FLASH_Lock
                0x0000000008004a20                HAL_FLASH_OB_Unlock
                0x0000000008004a6c                HAL_FLASH_OB_Lock
                0x0000000008004a94                HAL_FLASH_OB_Launch
                0x0000000008004ac4                HAL_FLASH_GetError
                0x0000000008004adc                FLASH_WaitForLastOperation
 .text          0x0000000008004dec      0x6a8 /tmp/ccEGYlu4.o
                0x0000000008004dec                HAL_FLASHEx_Erase
                0x0000000008004f04                HAL_FLASHEx_Erase_IT
                0x0000000008004ff4                HAL_FLASHEx_OBProgram
                0x00000000080050e4                HAL_FLASHEx_OBGetConfig
                0x00000000080051a4                FLASH_Erase_Sector
 .text          0x0000000008005494      0x460 /tmp/ccqaCOo0.o
                0x0000000008005494                HAL_PWR_DeInit
                0x00000000080054d0                HAL_PWR_EnableBkUpAccess
                0x000000000800550c                HAL_PWR_DisableBkUpAccess
                0x0000000008005548                HAL_PWR_ConfigPVD
                0x0000000008005668                HAL_PWR_EnablePVD
                0x00000000080056a4                HAL_PWR_DisablePVD
                0x00000000080056e0                HAL_PWR_EnableWakeUpPin
                0x000000000800570c                HAL_PWR_DisableWakeUpPin
                0x0000000008005738                HAL_PWR_EnterSLEEPMode
                0x0000000008005778                HAL_PWR_EnterSTOPMode
                0x00000000080057ec                HAL_PWR_EnterSTANDBYMode
                0x000000000800582c                HAL_PWR_PVD_IRQHandler
                0x0000000008005858                HAL_PWR_PVDCallback
                0x0000000008005864                HAL_PWR_EnableSleepOnExit
                0x0000000008005888                HAL_PWR_DisableSleepOnExit
                0x00000000080058ac                HAL_PWR_EnableSEVOnPend
                0x00000000080058d0                HAL_PWR_DisableSEVOnPend
 .text          0x00000000080058f4      0x210 /tmp/ccu1QVpW.o
                0x00000000080058f4                HAL_PWREx_EnableBkUpReg
                0x0000000008005964                HAL_PWREx_DisableBkUpReg
                0x00000000080059d4                HAL_PWREx_EnableFlashPowerDown
                0x0000000008005a10                HAL_PWREx_DisableFlashPowerDown
                0x0000000008005a4c                HAL_PWREx_GetVoltageRange
                0x0000000008005a68                HAL_PWREx_ControlVoltageScaling
 .text          0x0000000008005b04      0x700 /tmp/cc9kENyS.o
                0x0000000008005b04                HAL_GPIO_Init
                0x0000000008005e94                HAL_GPIO_DeInit
                0x00000000080060e4                HAL_GPIO_ReadPin
                0x0000000008006114                HAL_GPIO_WritePin
                0x0000000008006144                HAL_GPIO_TogglePin
                0x0000000008006168                HAL_GPIO_LockPin
                0x00000000080061b8                HAL_GPIO_EXTI_IRQHandler
                0x00000000080061f0                HAL_GPIO_EXTI_Callback
 .text          0x0000000008006204     0x9ab4 /tmp/cckxVZgP.o
                0x0000000008006204                HAL_DMA_Init
                0x00000000080062dc                HAL_DMA_DeInit
                0x0000000008007c30                HAL_DMA_Start
                0x0000000008007c94                HAL_DMA_Start_IT
                0x0000000008007d48                HAL_DMA_Abort
                0x0000000008007dc4                HAL_DMA_PollForTransfer
                0x000000000800bd9c                HAL_DMA_IRQHandler
                0x000000000800fc28                HAL_DMA_GetState
                0x000000000800fc44                HAL_DMA_GetError
 .text          0x000000000800fcb8      0xed8 /tmp/ccXfQlcM.o
                0x000000000800fcb8                HAL_ADC_Init
                0x000000000800fd14                HAL_ADC_DeInit
                0x000000000800fd74                HAL_ADC_Start
                0x000000000800fe78                HAL_ADC_Stop
                0x000000000800fea8                HAL_ADC_PollForConversion
                0x000000000800ff58                HAL_ADC_PollForEvent
                0x000000000800ffe8                HAL_ADC_Start_IT
                0x0000000008010110                HAL_ADC_Stop_IT
                0x0000000008010160                HAL_ADC_IRQHandler
                0x00000000080103c0                HAL_ADC_Start_DMA
                0x00000000080104d0                HAL_ADC_Stop_DMA
                0x0000000008010524                HAL_ADC_GetValue
                0x0000000008010540                HAL_ADC_ConvCpltCallback
                0x0000000008010554                HAL_ADC_ConvHalfCpltCallback
                0x0000000008010568                HAL_ADC_LevelOutOfWindowCallback
                0x000000000801057c                HAL_ADC_ErrorCallback
                0x0000000008010590                HAL_ADC_ConfigChannel
                0x00000000080107f4                HAL_ADC_AnalogWDGConfig
                0x00000000080108b4                HAL_ADC_GetState
                0x00000000080108d0                HAL_ADC_GetError
 .text          0x0000000008010b90      0xa9c /tmp/ccWaTTgJ.o
                0x0000000008010b90                HAL_ADCEx_InjectedStart
                0x0000000008010cf0                HAL_ADCEx_InjectedStart_IT
                0x0000000008010e74                HAL_ADCEx_InjectedStop
                0x0000000008010ea4                HAL_ADCEx_InjectedPollForConversion
                0x0000000008010f24                HAL_ADCEx_InjectedStop_IT
                0x0000000008010f74                HAL_ADCEx_InjectedGetValue
                0x0000000008010fe4                HAL_ADCEx_MultiModeStart_DMA
                0x000000000801111c                HAL_ADCEx_MultiModeStop_DMA
                0x0000000008011198                HAL_ADCEx_MultiModeGetValue
                0x00000000080111b8                HAL_ADCEx_InjectedConvCpltCallback
                0x00000000080111cc                HAL_ADCEx_InjectedConfigChannel
                0x00000000080114dc                HAL_ADCEx_MultiModeConfigChannel
 .text          0x000000000801162c      0x210 /tmp/cciTicsG.o
                0x000000000801162c                HAL_DMAEx_MultiBufferStart
                0x00000000080116cc                HAL_DMAEx_MultiBufferStart_IT
                0x00000000080117bc                HAL_DMAEx_ChangeMemory
 .text          0x000000000801183c     0x1f34 /tmp/ccs6uKTD.o
                0x000000000801183c                HAL_SPI_Init
                0x0000000008011908                HAL_SPI_DeInit
                0x0000000008011978                HAL_SPI_Transmit
                0x0000000008011bf4                HAL_SPI_Receive
                0x0000000008011f00                HAL_SPI_TransmitReceive
                0x00000000080123b8                HAL_SPI_Transmit_IT
                0x00000000080124dc                HAL_SPI_Receive_IT
                0x0000000008012610                HAL_SPI_TransmitReceive_IT
                0x0000000008012740                HAL_SPI_Transmit_DMA
                0x0000000008012888                HAL_SPI_Receive_DMA
                0x00000000080129fc                HAL_SPI_TransmitReceive_DMA
                0x0000000008012be4                HAL_SPI_DMAPause
                0x0000000008012c38                HAL_SPI_DMAResume
                0x0000000008012c8c                HAL_SPI_DMAStop
                0x0000000008012cec                HAL_SPI_IRQHandler
                0x0000000008012e80                HAL_SPI_TxCpltCallback
                0x0000000008012e94                HAL_SPI_RxCpltCallback
                0x0000000008012ea8                HAL_SPI_TxRxCpltCallback
                0x0000000008012ebc                HAL_SPI_TxHalfCpltCallback
                0x0000000008012ed0                HAL_SPI_RxHalfCpltCallback
                0x0000000008012ee4                HAL_SPI_TxRxHalfCpltCallback
                0x0000000008012ef8                HAL_SPI_ErrorCallback
                0x0000000008012f0c                HAL_SPI_GetState
                0x0000000008012f28                HAL_SPI_GetError
 .text          0x0000000008013770     0x4040 /tmp/cc2QhwLB.o
                0x0000000008013770                HAL_TIM_Base_Init
                0x00000000080137c8                HAL_TIM_Base_DeInit
                0x0000000008013850                HAL_TIM_Base_Start
                0x0000000008013888                HAL_TIM_Base_Stop
                0x00000000080138e0                HAL_TIM_Base_Start_IT
                0x0000000008013918                HAL_TIM_Base_Stop_IT
                0x0000000008013970                HAL_TIM_Base_Start_DMA
                0x0000000008013a0c                HAL_TIM_Base_Stop_DMA
                0x0000000008013a6c                HAL_TIM_OC_Init
                0x0000000008013ac4                HAL_TIM_OC_DeInit
                0x0000000008013b24                HAL_TIM_OC_MspInit
                0x0000000008013b38                HAL_TIM_OC_MspDeInit
                0x0000000008013b4c                HAL_TIM_OC_Start
                0x0000000008013bb8                HAL_TIM_OC_Stop
                0x0000000008013c64                HAL_TIM_OC_Start_IT
                0x0000000008013d5c                HAL_TIM_OC_Stop_IT
                0x0000000008013e94                HAL_TIM_OC_Start_DMA
                0x0000000008014084                HAL_TIM_OC_Stop_DMA
                0x00000000080141c4                HAL_TIM_PWM_Init
                0x000000000801421c                HAL_TIM_PWM_DeInit
                0x000000000801427c                HAL_TIM_PWM_MspInit
                0x0000000008014290                HAL_TIM_PWM_MspDeInit
                0x00000000080142a4                HAL_TIM_PWM_Start
                0x0000000008014310                HAL_TIM_PWM_Stop
                0x00000000080143c4                HAL_TIM_PWM_Start_IT
                0x00000000080144bc                HAL_TIM_PWM_Stop_IT
                0x00000000080145f4                HAL_TIM_PWM_Start_DMA
                0x00000000080147e4                HAL_TIM_PWM_Stop_DMA
                0x0000000008014924                HAL_TIM_IC_Init
                0x000000000801497c                HAL_TIM_IC_DeInit
                0x00000000080149dc                HAL_TIM_IC_MspInit
                0x00000000080149f0                HAL_TIM_IC_MspDeInit
                0x0000000008014a04                HAL_TIM_IC_Start
                0x0000000008014a38                HAL_TIM_IC_Stop
                0x0000000008014a8c                HAL_TIM_IC_Start_IT
                0x0000000008014b4c                HAL_TIM_IC_Stop_IT
                0x0000000008014c2c                HAL_TIM_IC_Start_DMA
                0x0000000008014de4                HAL_TIM_IC_Stop_DMA
                0x0000000008014ecc                HAL_TIM_OnePulse_Init
                0x0000000008014f44                HAL_TIM_OnePulse_DeInit
                0x0000000008014fa4                HAL_TIM_OnePulse_MspInit
                0x0000000008014fb8                HAL_TIM_OnePulse_MspDeInit
                0x0000000008014fcc                HAL_TIM_OnePulse_Start
                0x0000000008015034                HAL_TIM_OnePulse_Stop
                0x00000000080150ec                HAL_TIM_OnePulse_Start_IT
                0x0000000008015174                HAL_TIM_OnePulse_Stop_IT
                0x000000000801524c                HAL_TIM_Encoder_Init
                0x0000000008015378                HAL_TIM_Encoder_DeInit
                0x00000000080153d8                HAL_TIM_Encoder_MspInit
                0x00000000080153ec                HAL_TIM_Encoder_MspDeInit
                0x0000000008015400                HAL_TIM_Encoder_Start
                0x0000000008015470                HAL_TIM_Encoder_Stop
                0x0000000008015500                HAL_TIM_Encoder_Start_IT
                0x00000000080155b0                HAL_TIM_Encoder_Stop_IT
                0x0000000008015684                HAL_TIM_Encoder_Start_DMA
                0x0000000008015854                HAL_TIM_Encoder_Stop_DMA
                0x0000000008015928                HAL_TIM_IRQHandler
                0x0000000008015b38                HAL_TIM_OC_ConfigChannel
                0x0000000008015bf8                HAL_TIM_IC_ConfigChannel
                0x0000000008015d30                HAL_TIM_PWM_ConfigChannel
                0x0000000008015ebc                HAL_TIM_OnePulse_ConfigChannel
                0x000000000801603c                HAL_TIM_DMABurst_WriteStart
                0x0000000008016260                HAL_TIM_DMABurst_WriteStop
                0x0000000008016310                HAL_TIM_DMABurst_ReadStart
                0x0000000008016534                HAL_TIM_DMABurst_ReadStop
                0x00000000080165e4                HAL_TIM_GenerateEvent
                0x0000000008016634                HAL_TIM_ConfigOCrefClear
                0x0000000008016788                HAL_TIM_ConfigClockSource
                0x000000000801694c                HAL_TIM_ConfigTI1Input
                0x0000000008016988                HAL_TIM_SlaveConfigSynchronization
                0x00000000080169f4                HAL_TIM_SlaveConfigSynchronization_IT
                0x0000000008016a60                HAL_TIM_ReadCapturedValue
                0x0000000008016b04                HAL_TIM_PeriodElapsedCallback
                0x0000000008016b18                HAL_TIM_OC_DelayElapsedCallback
                0x0000000008016b2c                HAL_TIM_IC_CaptureCallback
                0x0000000008016b40                HAL_TIM_PWM_PulseFinishedCallback
                0x0000000008016b54                HAL_TIM_TriggerCallback
                0x0000000008016b68                HAL_TIM_ErrorCallback
                0x0000000008016b7c                HAL_TIM_Base_GetState
                0x0000000008016b98                HAL_TIM_OC_GetState
                0x0000000008016bb4                HAL_TIM_PWM_GetState
                0x0000000008016bd0                HAL_TIM_IC_GetState
                0x0000000008016bec                HAL_TIM_OnePulse_GetState
                0x0000000008016c08                HAL_TIM_Encoder_GetState
                0x0000000008016c24                TIM_Base_SetConfig
                0x0000000008016db0                TIM_TI1_SetConfig
                0x0000000008016eb0                TIM_OC2_SetConfig
                0x0000000008016fa0                TIM_DMADelayPulseCplt
                0x0000000008017010                TIM_DMAError
                0x0000000008017034                TIM_DMACaptureCplt
                0x00000000080170a4                TIM_CCxChannelCmd
 .text          0x00000000080177b0     0x1500 /tmp/ccSMKeRz.o
                0x00000000080177b0                HAL_TIMEx_HallSensor_Init
                0x00000000080178cc                HAL_TIMEx_HallSensor_DeInit
                0x000000000801792c                HAL_TIMEx_HallSensor_MspInit
                0x0000000008017940                HAL_TIMEx_HallSensor_MspDeInit
                0x0000000008017954                HAL_TIMEx_HallSensor_Start
                0x0000000008017984                HAL_TIMEx_HallSensor_Stop
                0x00000000080179d4                HAL_TIMEx_HallSensor_Start_IT
                0x0000000008017a14                HAL_TIMEx_HallSensor_Stop_IT
                0x0000000008017a74                HAL_TIMEx_HallSensor_Start_DMA
                0x0000000008017b20                HAL_TIMEx_HallSensor_Stop_DMA
                0x0000000008017b80                HAL_TIMEx_OCN_Start
                0x0000000008017bc4                HAL_TIMEx_OCN_Stop
                0x0000000008017c48                HAL_TIMEx_OCN_Start_IT
                0x0000000008017d28                HAL_TIMEx_OCN_Stop_IT
                0x0000000008017e58                HAL_TIMEx_OCN_Start_DMA
                0x0000000008018020                HAL_TIMEx_OCN_Stop_DMA
                0x0000000008018138                HAL_TIMEx_PWMN_Start
                0x000000000801817c                HAL_TIMEx_PWMN_Stop
                0x0000000008018200                HAL_TIMEx_PWMN_Start_IT
                0x00000000080182e0                HAL_TIMEx_PWMN_Stop_IT
                0x0000000008018410                HAL_TIMEx_PWMN_Start_DMA
                0x00000000080185d8                HAL_TIMEx_PWMN_Stop_DMA
                0x00000000080186f0                HAL_TIMEx_OnePulseN_Start
                0x0000000008018724                HAL_TIMEx_OnePulseN_Stop
                0x00000000080187a8                HAL_TIMEx_OnePulseN_Start_IT
                0x00000000080187fc                HAL_TIMEx_OnePulseN_Stop_IT
                0x00000000080188a0                HAL_TIMEx_ConfigCommutationEvent
                0x0000000008018940                HAL_TIMEx_ConfigCommutationEvent_IT
                0x00000000080189f0                HAL_TIMEx_ConfigCommutationEvent_DMA
                0x0000000008018abc                HAL_TIMEx_MasterConfigSynchronization
                0x0000000008018b48                HAL_TIMEx_ConfigBreakDeadTime
                0x0000000008018bbc                HAL_TIMEx_RemapConfig
                0x0000000008018c04                HAL_TIMEx_CommutationCallback
                0x0000000008018c18                HAL_TIMEx_BreakCallback
                0x0000000008018c2c                HAL_TIMEx_HallSensor_GetState
                0x0000000008018c48                TIMEx_DMACommutationCplt
 .text          0x0000000008018cb0     0x1768 /tmp/ccs3VUay.o
                0x0000000008018cb0                HAL_UART_Init
                0x0000000008018d44                HAL_HalfDuplex_Init
                0x0000000008018de8                HAL_LIN_Init
                0x0000000008018eac                HAL_MultiProcessor_Init
                0x0000000008018f84                HAL_UART_DeInit
                0x0000000008018fec                HAL_UART_Transmit
                0x000000000801913c                HAL_UART_Receive
                0x00000000080192ac                HAL_UART_Transmit_IT
                0x000000000801937c                HAL_UART_Receive_IT
                0x000000000801944c                HAL_UART_Transmit_DMA
                0x0000000008019548                HAL_UART_Receive_DMA
                0x0000000008019634                HAL_UART_DMAPause
                0x00000000080196d0                HAL_UART_DMAResume
                0x0000000008019790                HAL_UART_DMAStop
                0x00000000080197f0                HAL_UART_IRQHandler
                0x00000000080199e8                HAL_UART_TxCpltCallback
                0x00000000080199fc                HAL_UART_TxHalfCpltCallback
                0x0000000008019a10                HAL_UART_RxCpltCallback
                0x0000000008019a24                HAL_UART_RxHalfCpltCallback
                0x0000000008019a38                HAL_UART_ErrorCallback
                0x0000000008019a4c                HAL_LIN_SendBreak
                0x0000000008019aa0                HAL_MultiProcessor_EnterMuteMode
                0x0000000008019af4                HAL_MultiProcessor_ExitMuteMode
                0x0000000008019b48                HAL_HalfDuplex_EnableTransmitter
                0x0000000008019bb0                HAL_HalfDuplex_EnableReceiver
                0x0000000008019c18                HAL_UART_GetState
                0x0000000008019c34                HAL_UART_GetError
 .text          0x000000000801a418     0x103c /tmp/cc6ZrjFw.o
                0x000000000801a418                HAL_RCC_DeInit
                0x000000000801a4e0                HAL_RCC_OscConfig
                0x000000000801aa80                HAL_RCC_ClockConfig
                0x000000000801ae44                HAL_RCC_MCOConfig
                0x000000000801af44                HAL_RCC_EnableCSS
                0x000000000801af5c                HAL_RCC_DisableCSS
                0x000000000801af74                HAL_RCC_GetSysClockFreq
                0x000000000801b0c8                HAL_RCC_GetHCLKFreq
                0x000000000801b128                HAL_RCC_GetPCLK1Freq
                0x000000000801b178                HAL_RCC_GetPCLK2Freq
                0x000000000801b1c8                HAL_RCC_GetOscConfig
                0x000000000801b3a8                HAL_RCC_GetClockConfig
                0x000000000801b420                HAL_RCC_NMI_IRQHandler
                0x000000000801b448                HAL_RCC_CSSCallback
 .text          0x000000000801b454      0x304 /tmp/ccLPTNgv.o
                0x000000000801b454                HAL_RCCEx_PeriphCLKConfig
                0x000000000801b6ac                HAL_RCCEx_GetPeriphCLKConfig
 .text          0x000000000801b758      0x398 /tmp/ccws8qZt.o
                0x000000000801b758                HAL_Init
                0x000000000801b7bc                HAL_DeInit
                0x000000000801b858                HAL_MspDeInit
                0x000000000801b864                HAL_InitTick
                0x000000000801b89c                HAL_IncTick
                0x000000000801b8c0                HAL_GetTick
                0x000000000801b8d8                HAL_Delay
                0x000000000801b904                HAL_SuspendTick
                0x000000000801b928                HAL_ResumeTick
                0x000000000801b94c                HAL_GetHalVersion
                0x000000000801b960                HAL_GetREVID
                0x000000000801b97c                HAL_GetDEVID
                0x000000000801b998                HAL_DBGMCU_EnableDBGSleepMode
                0x000000000801b9bc                HAL_DBGMCU_DisableDBGSleepMode
                0x000000000801b9e0                HAL_DBGMCU_EnableDBGStopMode
                0x000000000801ba04                HAL_DBGMCU_DisableDBGStopMode
                0x000000000801ba28                HAL_DBGMCU_EnableDBGStandbyMode
                0x000000000801ba4c                HAL_DBGMCU_DisableDBGStandbyMode
                0x000000000801ba70                HAL_EnableCompensationCell
                0x000000000801bab0                HAL_DisableCompensationCell
 .text          0x000000000801baf0      0x58c /tmp/cclgu8Ps.o
                0x000000000801beb8                HAL_NVIC_SetPriorityGrouping
                0x000000000801becc                HAL_NVIC_SetPriority
                0x000000000801bf04                HAL_NVIC_EnableIRQ
                0x000000000801bf20                HAL_NVIC_DisableIRQ
                0x000000000801bf3c                HAL_NVIC_SystemReset
                0x000000000801bf48                HAL_SYSTICK_Config
                0x000000000801bf60                HAL_NVIC_GetPriorityGrouping
                0x000000000801bf70                HAL_NVIC_GetPriority
                0x000000000801bfa0                HAL_NVIC_SetPendingIRQ
                0x000000000801bfbc                HAL_NVIC_GetPendingIRQ
                0x000000000801bfdc                HAL_NVIC_ClearPendingIRQ
                0x000000000801bff8                HAL_NVIC_GetActive
                0x000000000801c018                HAL_SYSTICK_CLKSourceConfig
                0x000000000801c064                HAL_SYSTICK_IRQHandler
                0x000000000801c070                HAL_SYSTICK_Callback
 .text          0x000000000801c07c        0x0 /tmp/cc8arHMr.o
 .text          0x000000000801c07c      0x570 /tmp/ccQB7LQq.o
                0x000000000801c07c                main
                0x000000000801c0d4                SystemClock_Config
                0x000000000801c5dc                StartDefaultTask
 .text          0x000000000801c5ec        0x0 /tmp/ccWAxjXp.o
 .text          0x000000000801c5ec       0x24 /tmp/ccBQ0jap.o
                0x000000000801c5ec                SysTick_Handler
                0x000000000801c5fc                DMA2_Stream0_IRQHandler
 .text          0x000000000801c610      0x384 /tmp/ccIxw6to.o
                0x000000000801c610                HAL_MspInit
                0x000000000801c628                HAL_ADC_MspInit
                0x000000000801c758                HAL_ADC_MspDeInit
                0x000000000801c7b4                HAL_SPI_MspInit
                0x000000000801c820                HAL_SPI_MspDeInit
                0x000000000801c864                HAL_TIM_Base_MspInit
                0x000000000801c8ac                HAL_TIM_Base_MspDeInit
                0x000000000801c8e0                HAL_UART_MspInit
                0x000000000801c950                HAL_UART_MspDeInit
 .text          0x000000000801c994      0x200 /tmp/ccjqocUn.o
                0x000000000801c994                SystemInit
                0x000000000801ca40                SystemCoreClockUpdate
 .text          0x000000000801cb94       0x14 /tmp/cca66Wkn.o
 .text          0x000000000801cba8      0x134 /usr/lib/gcc/arm-none-eabi/4.8.2/../../../arm-none-eabi/lib/armv7e-m/fpu/libg.a(lib_a-memcpy.o)
                0x000000000801cba8                memcpy
 .text          0x000000000801ccdc        0x0 /usr/lib/gcc/arm-none-eabi/4.8.2/../../../arm-none-eabi/lib/armv7e-m/fpu/libg.a(lib_a-memset.o)
 *(.text.*)
 .text.Reset_Handler
                0x000000000801ccdc       0x40 /tmp/cca66Wkn.o
                0x000000000801ccdc                Reset_Handler
 .text.Default_Handler
                0x000000000801cd1c        0x2 /tmp/cca66Wkn.o
                0x000000000801cd1c                RTC_Alarm_IRQHandler
                0x000000000801cd1c                HASH_RNG_IRQHandler
                0x000000000801cd1c                EXTI2_IRQHandler
                0x000000000801cd1c                TIM8_CC_IRQHandler
                0x000000000801cd1c                DebugMon_Handler
                0x000000000801cd1c                TIM1_CC_IRQHandler
                0x000000000801cd1c                DMA2_Stream5_IRQHandler
                0x000000000801cd1c                HardFault_Handler
                0x000000000801cd1c                DMA1_Stream5_IRQHandler
                0x000000000801cd1c                PVD_IRQHandler
                0x000000000801cd1c                SDIO_IRQHandler
                0x000000000801cd1c                TAMP_STAMP_IRQHandler
                0x000000000801cd1c                NMI_Handler
                0x000000000801cd1c                CAN2_RX1_IRQHandler
                0x000000000801cd1c                EXTI3_IRQHandler
                0x000000000801cd1c                TIM8_TRG_COM_TIM14_IRQHandler
                0x000000000801cd1c                TIM1_UP_TIM10_IRQHandler
                0x000000000801cd1c                TIM8_UP_TIM13_IRQHandler
                0x000000000801cd1c                I2C3_ER_IRQHandler
                0x000000000801cd1c                EXTI0_IRQHandler
                0x000000000801cd1c                I2C2_EV_IRQHandler
                0x000000000801cd1c                DMA1_Stream2_IRQHandler
                0x000000000801cd1c                CAN1_RX0_IRQHandler
                0x000000000801cd1c                FPU_IRQHandler
                0x000000000801cd1c                OTG_HS_WKUP_IRQHandler
                0x000000000801cd1c                UsageFault_Handler
                0x000000000801cd1c                CAN2_SCE_IRQHandler
                0x000000000801cd1c                DMA2_Stream2_IRQHandler
                0x000000000801cd1c                SPI1_IRQHandler
                0x000000000801cd1c                TIM6_DAC_IRQHandler
                0x000000000801cd1c                TIM1_BRK_TIM9_IRQHandler
                0x000000000801cd1c                DCMI_IRQHandler
                0x000000000801cd1c                CAN2_RX0_IRQHandler
                0x000000000801cd1c                DMA2_Stream3_IRQHandler
                0x000000000801cd1c                USART6_IRQHandler
                0x000000000801cd1c                USART3_IRQHandler
                0x000000000801cd1c                CRYP_IRQHandler
                0x000000000801cd1c                CAN1_RX1_IRQHandler
                0x000000000801cd1c                UART5_IRQHandler
                0x000000000801cd1c                TIM4_IRQHandler
                0x000000000801cd1c                I2C1_EV_IRQHandler
                0x000000000801cd1c                DMA1_Stream6_IRQHandler
                0x000000000801cd1c                DMA1_Stream1_IRQHandler
                0x000000000801cd1c                UART4_IRQHandler
                0x000000000801cd1c                TIM3_IRQHandler
                0x000000000801cd1c                RCC_IRQHandler
                0x000000000801cd1c                TIM8_BRK_TIM12_IRQHandler
                0x000000000801cd1c                Default_Handler
                0x000000000801cd1c                EXTI15_10_IRQHandler
                0x000000000801cd1c                ADC_IRQHandler
                0x000000000801cd1c                DMA1_Stream7_IRQHandler
                0x000000000801cd1c                TIM7_IRQHandler
                0x000000000801cd1c                CAN2_TX_IRQHandler
                0x000000000801cd1c                TIM5_IRQHandler
                0x000000000801cd1c                DMA2_Stream7_IRQHandler
                0x000000000801cd1c                I2C3_EV_IRQHandler
                0x000000000801cd1c                EXTI9_5_IRQHandler
                0x000000000801cd1c                RTC_WKUP_IRQHandler
                0x000000000801cd1c                ETH_WKUP_IRQHandler
                0x000000000801cd1c                SPI2_IRQHandler
                0x000000000801cd1c                OTG_HS_EP1_IN_IRQHandler
                0x000000000801cd1c                MemManage_Handler
                0x000000000801cd1c                DMA1_Stream0_IRQHandler
                0x000000000801cd1c                CAN1_TX_IRQHandler
                0x000000000801cd1c                EXTI4_IRQHandler
                0x000000000801cd1c                FSMC_IRQHandler
                0x000000000801cd1c                ETH_IRQHandler
                0x000000000801cd1c                OTG_HS_EP1_OUT_IRQHandler
                0x000000000801cd1c                WWDG_IRQHandler
                0x000000000801cd1c                TIM2_IRQHandler
                0x000000000801cd1c                OTG_FS_WKUP_IRQHandler
                0x000000000801cd1c                TIM1_TRG_COM_TIM11_IRQHandler
                0x000000000801cd1c                OTG_HS_IRQHandler
                0x000000000801cd1c                EXTI1_IRQHandler
                0x000000000801cd1c                USART2_IRQHandler
                0x000000000801cd1c                I2C2_ER_IRQHandler
                0x000000000801cd1c                DMA2_Stream1_IRQHandler
                0x000000000801cd1c                CAN1_SCE_IRQHandler
                0x000000000801cd1c                FLASH_IRQHandler
                0x000000000801cd1c                DMA2_Stream4_IRQHandler
                0x000000000801cd1c                BusFault_Handler
                0x000000000801cd1c                USART1_IRQHandler
                0x000000000801cd1c                OTG_FS_IRQHandler
                0x000000000801cd1c                SPI3_IRQHandler
                0x000000000801cd1c                DMA1_Stream4_IRQHandler
                0x000000000801cd1c                I2C1_ER_IRQHandler
                0x000000000801cd1c                DMA2_Stream6_IRQHandler
                0x000000000801cd1c                DMA1_Stream3_IRQHandler
 *fill*         0x000000000801cd1e        0x2 
 .text.memset   0x000000000801cd20       0x94 /usr/lib/gcc/arm-none-eabi/4.8.2/../../../arm-none-eabi/lib/armv7e-m/fpu/libg.a(lib_a-memset.o)
                0x000000000801cd20                memset
 *(.rodata)
 .rodata        0x000000000801cdb4        0x4 /tmp/ccEJ1ndP.o
 .rodata        0x000000000801cdb8        0x8 /tmp/ccPL2z3E.o
 .rodata        0x000000000801cdc0        0x4 /tmp/cc04N41c.o
 .rodata        0x000000000801cdc4       0x10 /tmp/cc6ZrjFw.o
                0x000000000801cdc4                APBAHBPrescTable
 .rodata        0x000000000801cdd4       0x20 /tmp/ccQB7LQq.o
 *(.rodata*)
 *(.glue_7)
 .glue_7        0x0000000000000000        0x0 linker stubs
 *(.glue_7t)
 .glue_7t       0x0000000000000000        0x0 linker stubs
                0x000000000801cdf4                . = ALIGN (0x4)
                0x000000000801cdf4                _etext = .
                0x000000000801cdf4                _sidata = _etext

.vfp11_veneer   0x000000000801cdf4        0x0
 .vfp11_veneer  0x0000000000000000        0x0 linker stubs

.v4_bx          0x000000000801cdf4        0x0
 .v4_bx         0x0000000000000000        0x0 linker stubs

.iplt           0x000000000801cdf4        0x0
 .iplt          0x0000000000000000        0x0 /tmp/ccEJ1ndP.o

.rel.dyn        0x000000000801cdf4        0x0
 .rel.iplt      0x0000000000000000        0x0 /tmp/ccEJ1ndP.o

.data           0x0000000020000000       0x1c load address 0x000000000801cdf4
                0x0000000020000000                . = ALIGN (0x4)
                0x0000000020000000                _sdata = .
 *(.data)
 .data          0x0000000020000000        0x0 /tmp/ccEJ1ndP.o
 .data          0x0000000020000000        0x0 /tmp/ccFEtF2J.o
 .data          0x0000000020000000        0x4 /tmp/ccPL2z3E.o
 .data          0x0000000020000004        0x0 /tmp/ccuicY9z.o
 .data          0x0000000020000004        0x0 /tmp/cceUVhov.o
 .data          0x0000000020000004        0x0 /tmp/ccjiCNGq.o
 .data          0x0000000020000004        0x0 /tmp/ccPo771l.o
 .data          0x0000000020000004        0x0 /tmp/cctAd5uh.o
 .data          0x0000000020000004        0x4 /tmp/cc04N41c.o
 .data          0x0000000020000008        0x0 /tmp/ccHQMdH8.o
 .data          0x0000000020000008        0x0 /tmp/ccEGYlu4.o
 .data          0x0000000020000008        0x0 /tmp/ccqaCOo0.o
 .data          0x0000000020000008        0x0 /tmp/ccu1QVpW.o
 .data          0x0000000020000008        0x0 /tmp/cc9kENyS.o
 .data          0x0000000020000008        0x0 /tmp/cckxVZgP.o
 .data          0x0000000020000008        0x0 /tmp/ccXfQlcM.o
 .data          0x0000000020000008        0x0 /tmp/ccWaTTgJ.o
 .data          0x0000000020000008        0x0 /tmp/cciTicsG.o
 .data          0x0000000020000008        0x0 /tmp/ccs6uKTD.o
 .data          0x0000000020000008        0x0 /tmp/cc2QhwLB.o
 .data          0x0000000020000008        0x0 /tmp/ccSMKeRz.o
 .data          0x0000000020000008        0x0 /tmp/ccs3VUay.o
 .data          0x0000000020000008        0x0 /tmp/cc6ZrjFw.o
 .data          0x0000000020000008        0x0 /tmp/ccLPTNgv.o
 .data          0x0000000020000008        0x0 /tmp/ccws8qZt.o
 .data          0x0000000020000008        0x0 /tmp/cclgu8Ps.o
 .data          0x0000000020000008        0x0 /tmp/cc8arHMr.o
 .data          0x0000000020000008        0x0 /tmp/ccQB7LQq.o
 .data          0x0000000020000008        0x0 /tmp/ccWAxjXp.o
 .data          0x0000000020000008        0x0 /tmp/ccBQ0jap.o
 .data          0x0000000020000008        0x0 /tmp/ccIxw6to.o
 .data          0x0000000020000008       0x14 /tmp/ccjqocUn.o
                0x0000000020000008                SystemCoreClock
                0x000000002000000c                AHBPrescTable
 .data          0x000000002000001c        0x0 /tmp/cca66Wkn.o
 .data          0x000000002000001c        0x0 /usr/lib/gcc/arm-none-eabi/4.8.2/../../../arm-none-eabi/lib/armv7e-m/fpu/libg.a(lib_a-memcpy.o)
 .data          0x000000002000001c        0x0 /usr/lib/gcc/arm-none-eabi/4.8.2/../../../arm-none-eabi/lib/armv7e-m/fpu/libg.a(lib_a-memset.o)
 *(.data.*)
                0x000000002000001c                . = ALIGN (0x4)
                0x000000002000001c                _edata = .

.igot.plt       0x000000002000001c        0x0 load address 0x000000000801ce10
 .igot.plt      0x0000000000000000        0x0 /tmp/ccEJ1ndP.o

.bss            0x000000002000001c     0x3f94 load address 0x000000000801ce10
                0x000000002000001c                . = ALIGN (0x4)
                0x000000002000001c                _sbss = .
 *(.bss)
 .bss           0x000000002000001c     0x3c18 /tmp/ccEJ1ndP.o
 .bss           0x0000000020003c34        0x0 /tmp/ccFEtF2J.o
 .bss           0x0000000020003c34      0x124 /tmp/ccPL2z3E.o
                0x0000000020003c34                pxCurrentTCB
 .bss           0x0000000020003d58        0x0 /tmp/ccuicY9z.o
 .bss           0x0000000020003d58        0x0 /tmp/cceUVhov.o
 .bss           0x0000000020003d58       0x80 /tmp/ccjiCNGq.o
                0x0000000020003dc4                pxCurrentCoRoutine
 .bss           0x0000000020003dd8        0x0 /tmp/ccPo771l.o
 .bss           0x0000000020003dd8        0x0 /tmp/cctAd5uh.o
 .bss           0x0000000020003dd8        0x8 /tmp/cc04N41c.o
 .bss           0x0000000020003de0        0x0 /tmp/ccHQMdH8.o
 .bss           0x0000000020003de0        0x0 /tmp/ccEGYlu4.o
 .bss           0x0000000020003de0        0x0 /tmp/ccqaCOo0.o
 .bss           0x0000000020003de0        0x0 /tmp/ccu1QVpW.o
 .bss           0x0000000020003de0        0x0 /tmp/cc9kENyS.o
 .bss           0x0000000020003de0        0x0 /tmp/cckxVZgP.o
 .bss           0x0000000020003de0        0x0 /tmp/ccXfQlcM.o
 .bss           0x0000000020003de0        0x0 /tmp/ccWaTTgJ.o
 .bss           0x0000000020003de0        0x0 /tmp/cciTicsG.o
 .bss           0x0000000020003de0        0x0 /tmp/ccs6uKTD.o
 .bss           0x0000000020003de0        0x0 /tmp/cc2QhwLB.o
 .bss           0x0000000020003de0        0x0 /tmp/ccSMKeRz.o
 .bss           0x0000000020003de0        0x0 /tmp/ccs3VUay.o
 .bss           0x0000000020003de0        0x0 /tmp/cc6ZrjFw.o
 .bss           0x0000000020003de0        0x0 /tmp/ccLPTNgv.o
 .bss           0x0000000020003de0        0x4 /tmp/ccws8qZt.o
 .bss           0x0000000020003de4        0x0 /tmp/cclgu8Ps.o
 .bss           0x0000000020003de4        0x0 /tmp/cc8arHMr.o
 .bss           0x0000000020003de4        0x0 /tmp/ccQB7LQq.o
 .bss           0x0000000020003de4        0x0 /tmp/ccWAxjXp.o
 .bss           0x0000000020003de4        0x0 /tmp/ccBQ0jap.o
 .bss           0x0000000020003de4        0x0 /tmp/ccIxw6to.o
 .bss           0x0000000020003de4        0x0 /tmp/ccjqocUn.o
 .bss           0x0000000020003de4        0x0 /tmp/cca66Wkn.o
 .bss           0x0000000020003de4        0x0 /usr/lib/gcc/arm-none-eabi/4.8.2/../../../arm-none-eabi/lib/armv7e-m/fpu/libg.a(lib_a-memcpy.o)
 .bss           0x0000000020003de4        0x0 /usr/lib/gcc/arm-none-eabi/4.8.2/../../../arm-none-eabi/lib/armv7e-m/fpu/libg.a(lib_a-memset.o)
 *(COMMON)
 COMMON         0x0000000020003de4       0x40 /tmp/cceUVhov.o
                0x0000000020003de4                xQueueRegistry
 COMMON         0x0000000020003e24       0x20 /tmp/ccHQMdH8.o
                0x0000000020003e24                pFlash
 COMMON         0x0000000020003e44      0x16c /tmp/ccQB7LQq.o
                0x0000000020003e44                defaultTaskHandle
                0x0000000020003e48                hadc1
                0x0000000020003e8c                huart1
                0x0000000020003ecc                hdma_adc1
                0x0000000020003f1c                hspi1
                0x0000000020003f74                htim2
                0x0000000020003fb0                . = ALIGN (0x4)
                0x0000000020003fb0                _ebss = .
                0x0000000020003fb0                PROVIDE (end, _ebss)
                0x0000000020003fb0                PROVIDE (_end, _ebss)

._usrstack      0x0000000020003fb0      0x100 load address 0x0000000008020da4
                0x0000000020003fb0                . = ALIGN (0x4)
                0x0000000020003fb0                _susrstack = .
                0x00000000200040b0                . = (. + _Minimum_Stack_Size)
 *fill*         0x0000000020003fb0      0x100 
                0x00000000200040b0                . = ALIGN (0x4)
                0x00000000200040b0                _eusrstack = .

DISCARD
 libc.a(*)
 libm.a(*)
 libgcc.a(*)

.stab
 *(.stab)

.stabstr
 *(.stabstr)

.stab.excl
 *(.stab.excl)

.stab.exclstr
 *(.stab.exclstr)

.stab.index
 *(.stab.index)

.stab.indexstr
 *(.stab.indexstr)

.comment        0x0000000000000000       0x1f
 *(.comment)
 .comment       0x0000000000000000       0x1f /tmp/ccEJ1ndP.o
                                         0x20 (size before relaxing)
 .comment       0x0000000000000000       0x20 /tmp/ccFEtF2J.o
 .comment       0x0000000000000000       0x20 /tmp/ccPL2z3E.o
 .comment       0x0000000000000000       0x20 /tmp/ccuicY9z.o
 .comment       0x0000000000000000       0x20 /tmp/cceUVhov.o
 .comment       0x0000000000000000       0x20 /tmp/ccjiCNGq.o
 .comment       0x0000000000000000       0x20 /tmp/ccPo771l.o
 .comment       0x0000000000000000       0x20 /tmp/cctAd5uh.o
 .comment       0x0000000000000000       0x20 /tmp/cc04N41c.o
 .comment       0x0000000000000000       0x20 /tmp/ccHQMdH8.o
 .comment       0x0000000000000000       0x20 /tmp/ccEGYlu4.o
 .comment       0x0000000000000000       0x20 /tmp/ccqaCOo0.o
 .comment       0x0000000000000000       0x20 /tmp/ccu1QVpW.o
 .comment       0x0000000000000000       0x20 /tmp/cc9kENyS.o
 .comment       0x0000000000000000       0x20 /tmp/cckxVZgP.o
 .comment       0x0000000000000000       0x20 /tmp/ccXfQlcM.o
 .comment       0x0000000000000000       0x20 /tmp/ccWaTTgJ.o
 .comment       0x0000000000000000       0x20 /tmp/cciTicsG.o
 .comment       0x0000000000000000       0x20 /tmp/ccs6uKTD.o
 .comment       0x0000000000000000       0x20 /tmp/cc2QhwLB.o
 .comment       0x0000000000000000       0x20 /tmp/ccSMKeRz.o
 .comment       0x0000000000000000       0x20 /tmp/ccs3VUay.o
 .comment       0x0000000000000000       0x20 /tmp/cc6ZrjFw.o
 .comment       0x0000000000000000       0x20 /tmp/ccLPTNgv.o
 .comment       0x0000000000000000       0x20 /tmp/ccws8qZt.o
 .comment       0x0000000000000000       0x20 /tmp/cclgu8Ps.o
 .comment       0x0000000000000000       0x20 /tmp/cc8arHMr.o
 .comment       0x0000000000000000       0x20 /tmp/ccQB7LQq.o
 .comment       0x0000000000000000       0x20 /tmp/ccWAxjXp.o
 .comment       0x0000000000000000       0x20 /tmp/ccBQ0jap.o
 .comment       0x0000000000000000       0x20 /tmp/ccIxw6to.o
 .comment       0x0000000000000000       0x20 /tmp/ccjqocUn.o
 .comment       0x0000000000000000       0x20 /usr/lib/gcc/arm-none-eabi/4.8.2/../../../arm-none-eabi/lib/armv7e-m/fpu/libg.a(lib_a-memset.o)

.ARM.attributes
                0x0000000000000000       0x37
 .ARM.attributes
                0x0000000000000000       0x39 /tmp/ccEJ1ndP.o
 .ARM.attributes
                0x0000000000000039       0x39 /tmp/ccFEtF2J.o
 .ARM.attributes
                0x0000000000000072       0x39 /tmp/ccPL2z3E.o
 .ARM.attributes
                0x00000000000000ab       0x39 /tmp/ccuicY9z.o
 .ARM.attributes
                0x00000000000000e4       0x39 /tmp/cceUVhov.o
 .ARM.attributes
                0x000000000000011d       0x39 /tmp/ccjiCNGq.o
 .ARM.attributes
                0x0000000000000156       0x39 /tmp/ccPo771l.o
 .ARM.attributes
                0x000000000000018f       0x39 /tmp/cctAd5uh.o
 .ARM.attributes
                0x00000000000001c8       0x39 /tmp/cc04N41c.o
 .ARM.attributes
                0x0000000000000201       0x39 /tmp/ccHQMdH8.o
 .ARM.attributes
                0x000000000000023a       0x39 /tmp/ccEGYlu4.o
 .ARM.attributes
                0x0000000000000273       0x39 /tmp/ccqaCOo0.o
 .ARM.attributes
                0x00000000000002ac       0x39 /tmp/ccu1QVpW.o
 .ARM.attributes
                0x00000000000002e5       0x39 /tmp/cc9kENyS.o
 .ARM.attributes
                0x000000000000031e       0x39 /tmp/cckxVZgP.o
 .ARM.attributes
                0x0000000000000357       0x39 /tmp/ccXfQlcM.o
 .ARM.attributes
                0x0000000000000390       0x39 /tmp/ccWaTTgJ.o
 .ARM.attributes
                0x00000000000003c9       0x39 /tmp/cciTicsG.o
 .ARM.attributes
                0x0000000000000402       0x39 /tmp/ccs6uKTD.o
 .ARM.attributes
                0x000000000000043b       0x39 /tmp/cc2QhwLB.o
 .ARM.attributes
                0x0000000000000474       0x39 /tmp/ccSMKeRz.o
 .ARM.attributes
                0x00000000000004ad       0x39 /tmp/ccs3VUay.o
 .ARM.attributes
                0x00000000000004e6       0x39 /tmp/cc6ZrjFw.o
 .ARM.attributes
                0x000000000000051f       0x39 /tmp/ccLPTNgv.o
 .ARM.attributes
                0x0000000000000558       0x39 /tmp/ccws8qZt.o
 .ARM.attributes
                0x0000000000000591       0x39 /tmp/cclgu8Ps.o
 .ARM.attributes
                0x00000000000005ca       0x39 /tmp/cc8arHMr.o
 .ARM.attributes
                0x0000000000000603       0x39 /tmp/ccQB7LQq.o
 .ARM.attributes
                0x000000000000063c       0x39 /tmp/ccWAxjXp.o
 .ARM.attributes
                0x0000000000000675       0x39 /tmp/ccBQ0jap.o
 .ARM.attributes
                0x00000000000006ae       0x39 /tmp/ccIxw6to.o
 .ARM.attributes
                0x00000000000006e7       0x39 /tmp/ccjqocUn.o
 .ARM.attributes
                0x0000000000000720       0x21 /tmp/cca66Wkn.o
 .ARM.attributes
                0x0000000000000741       0x20 /usr/lib/gcc/arm-none-eabi/4.8.2/../../../arm-none-eabi/lib/armv7e-m/fpu/libg.a(lib_a-memcpy.o)
 .ARM.attributes
                0x0000000000000761       0x34 /usr/lib/gcc/arm-none-eabi/4.8.2/../../../arm-none-eabi/lib/armv7e-m/fpu/libg.a(lib_a-memset.o)

.debug
 *(.debug)

.line
 *(.line)

.debug_srcinfo
 *(.debug_srcinfo)

.debug_sfnames
 *(.debug_sfnames)

.debug_aranges  0x0000000000000000      0x450
 *(.debug_aranges)
 .debug_aranges
                0x0000000000000000       0x20 /tmp/ccEJ1ndP.o
 .debug_aranges
                0x0000000000000020       0x20 /tmp/ccFEtF2J.o
 .debug_aranges
                0x0000000000000040       0x20 /tmp/ccPL2z3E.o
 .debug_aranges
                0x0000000000000060       0x20 /tmp/ccuicY9z.o
 .debug_aranges
                0x0000000000000080       0x20 /tmp/cceUVhov.o
 .debug_aranges
                0x00000000000000a0       0x20 /tmp/ccjiCNGq.o
 .debug_aranges
                0x00000000000000c0       0x18 /tmp/ccPo771l.o
 .debug_aranges
                0x00000000000000d8       0x20 /tmp/cctAd5uh.o
 .debug_aranges
                0x00000000000000f8       0x20 /tmp/cc04N41c.o
 .debug_aranges
                0x0000000000000118       0x20 /tmp/ccHQMdH8.o
 .debug_aranges
                0x0000000000000138       0x20 /tmp/ccEGYlu4.o
 .debug_aranges
                0x0000000000000158       0x20 /tmp/ccqaCOo0.o
 .debug_aranges
                0x0000000000000178       0x20 /tmp/ccu1QVpW.o
 .debug_aranges
                0x0000000000000198       0x20 /tmp/cc9kENyS.o
 .debug_aranges
                0x00000000000001b8       0x20 /tmp/cckxVZgP.o
 .debug_aranges
                0x00000000000001d8       0x20 /tmp/ccXfQlcM.o
 .debug_aranges
                0x00000000000001f8       0x20 /tmp/ccWaTTgJ.o
 .debug_aranges
                0x0000000000000218       0x20 /tmp/cciTicsG.o
 .debug_aranges
                0x0000000000000238       0x20 /tmp/ccs6uKTD.o
 .debug_aranges
                0x0000000000000258       0x20 /tmp/cc2QhwLB.o
 .debug_aranges
                0x0000000000000278       0x20 /tmp/ccSMKeRz.o
 .debug_aranges
                0x0000000000000298       0x20 /tmp/ccs3VUay.o
 .debug_aranges
                0x00000000000002b8       0x20 /tmp/cc6ZrjFw.o
 .debug_aranges
                0x00000000000002d8       0x20 /tmp/ccLPTNgv.o
 .debug_aranges
                0x00000000000002f8       0x20 /tmp/ccws8qZt.o
 .debug_aranges
                0x0000000000000318       0x20 /tmp/cclgu8Ps.o
 .debug_aranges
                0x0000000000000338       0x18 /tmp/cc8arHMr.o
 .debug_aranges
                0x0000000000000350       0x20 /tmp/ccQB7LQq.o
 .debug_aranges
                0x0000000000000370       0x18 /tmp/ccWAxjXp.o
 .debug_aranges
                0x0000000000000388       0x20 /tmp/ccBQ0jap.o
 .debug_aranges
                0x00000000000003a8       0x20 /tmp/ccIxw6to.o
 .debug_aranges
                0x00000000000003c8       0x20 /tmp/ccjqocUn.o
 .debug_aranges
                0x00000000000003e8       0x28 /tmp/cca66Wkn.o
 .debug_aranges
                0x0000000000000410       0x20 /usr/lib/gcc/arm-none-eabi/4.8.2/../../../arm-none-eabi/lib/armv7e-m/fpu/libg.a(lib_a-memcpy.o)
 .debug_aranges
                0x0000000000000430       0x20 /usr/lib/gcc/arm-none-eabi/4.8.2/../../../arm-none-eabi/lib/armv7e-m/fpu/libg.a(lib_a-memset.o)

.debug_pubnames
 *(.debug_pubnames)

.debug_info     0x0000000000000000    0x12efd
 *(.debug_info .gnu.linkonce.wi.*)
 .debug_info    0x0000000000000000      0x2f6 /tmp/ccEJ1ndP.o
 .debug_info    0x00000000000002f6      0x299 /tmp/ccFEtF2J.o
 .debug_info    0x000000000000058f     0x118e /tmp/ccPL2z3E.o
 .debug_info    0x000000000000171d      0x65a /tmp/ccuicY9z.o
 .debug_info    0x0000000000001d77      0xb85 /tmp/cceUVhov.o
 .debug_info    0x00000000000028fc      0x4ba /tmp/ccjiCNGq.o
 .debug_info    0x0000000000002db6       0x6e /tmp/ccPo771l.o
 .debug_info    0x0000000000002e24      0xe69 /tmp/cctAd5uh.o
 .debug_info    0x0000000000003c8d      0x335 /tmp/cc04N41c.o
 .debug_info    0x0000000000003fc2      0x542 /tmp/ccHQMdH8.o
 .debug_info    0x0000000000004504      0x724 /tmp/ccEGYlu4.o
 .debug_info    0x0000000000004c28      0x917 /tmp/ccqaCOo0.o
 .debug_info    0x000000000000553f      0x5b3 /tmp/ccu1QVpW.o
 .debug_info    0x0000000000005af2      0x6f8 /tmp/cc9kENyS.o
 .debug_info    0x00000000000061ea      0x63b /tmp/cckxVZgP.o
 .debug_info    0x0000000000006825      0xcc0 /tmp/ccXfQlcM.o
 .debug_info    0x00000000000074e5      0xa6e /tmp/ccWaTTgJ.o
 .debug_info    0x0000000000007f53      0x497 /tmp/cciTicsG.o
 .debug_info    0x00000000000083ea      0xf77 /tmp/ccs6uKTD.o
 .debug_info    0x0000000000009361     0x215e /tmp/cc2QhwLB.o
 .debug_info    0x000000000000b4bf      0xf24 /tmp/ccSMKeRz.o
 .debug_info    0x000000000000c3e3      0xecf /tmp/ccs3VUay.o
 .debug_info    0x000000000000d2b2      0xe0d /tmp/cc6ZrjFw.o
 .debug_info    0x000000000000e0bf      0x5d3 /tmp/ccLPTNgv.o
 .debug_info    0x000000000000e692      0x8e1 /tmp/ccws8qZt.o
 .debug_info    0x000000000000ef73      0xb6d /tmp/cclgu8Ps.o
 .debug_info    0x000000000000fae0       0x99 /tmp/cc8arHMr.o
 .debug_info    0x000000000000fb79     0x1663 /tmp/ccQB7LQq.o
 .debug_info    0x00000000000111dc       0x72 /tmp/ccWAxjXp.o
 .debug_info    0x000000000001124e      0x31b /tmp/ccBQ0jap.o
 .debug_info    0x0000000000011569     0x12bb /tmp/ccIxw6to.o
 .debug_info    0x0000000000012824      0x4a5 /tmp/ccjqocUn.o
 .debug_info    0x0000000000012cc9       0x63 /tmp/cca66Wkn.o
 .debug_info    0x0000000000012d2c       0xba /usr/lib/gcc/arm-none-eabi/4.8.2/../../../arm-none-eabi/lib/armv7e-m/fpu/libg.a(lib_a-memcpy.o)
 .debug_info    0x0000000000012de6      0x117 /usr/lib/gcc/arm-none-eabi/4.8.2/../../../arm-none-eabi/lib/armv7e-m/fpu/libg.a(lib_a-memset.o)

.debug_abbrev   0x0000000000000000     0x3595
 *(.debug_abbrev)
 .debug_abbrev  0x0000000000000000      0x156 /tmp/ccEJ1ndP.o
 .debug_abbrev  0x0000000000000156       0xbc /tmp/ccFEtF2J.o
 .debug_abbrev  0x0000000000000212      0x274 /tmp/ccPL2z3E.o
 .debug_abbrev  0x0000000000000486      0x135 /tmp/ccuicY9z.o
 .debug_abbrev  0x00000000000005bb      0x1b8 /tmp/cceUVhov.o
 .debug_abbrev  0x0000000000000773      0x17e /tmp/ccjiCNGq.o
 .debug_abbrev  0x00000000000008f1       0x24 /tmp/ccPo771l.o
 .debug_abbrev  0x0000000000000915      0x25b /tmp/cctAd5uh.o
 .debug_abbrev  0x0000000000000b70      0x19d /tmp/cc04N41c.o
 .debug_abbrev  0x0000000000000d0d      0x1dd /tmp/ccHQMdH8.o
 .debug_abbrev  0x0000000000000eea      0x250 /tmp/ccEGYlu4.o
 .debug_abbrev  0x000000000000113a      0x215 /tmp/ccqaCOo0.o
 .debug_abbrev  0x000000000000134f      0x1a8 /tmp/ccu1QVpW.o
 .debug_abbrev  0x00000000000014f7      0x1aa /tmp/cc9kENyS.o
 .debug_abbrev  0x00000000000016a1      0x1c2 /tmp/cckxVZgP.o
 .debug_abbrev  0x0000000000001863      0x233 /tmp/ccXfQlcM.o
 .debug_abbrev  0x0000000000001a96      0x1e2 /tmp/ccWaTTgJ.o
 .debug_abbrev  0x0000000000001c78      0x156 /tmp/cciTicsG.o
 .debug_abbrev  0x0000000000001dce      0x20a /tmp/ccs6uKTD.o
 .debug_abbrev  0x0000000000001fd8      0x204 /tmp/cc2QhwLB.o
 .debug_abbrev  0x00000000000021dc      0x1fb /tmp/ccSMKeRz.o
 .debug_abbrev  0x00000000000023d7      0x215 /tmp/ccs3VUay.o
 .debug_abbrev  0x00000000000025ec      0x25a /tmp/cc6ZrjFw.o
 .debug_abbrev  0x0000000000002846      0x17d /tmp/ccLPTNgv.o
 .debug_abbrev  0x00000000000029c3      0x1ff /tmp/ccws8qZt.o
 .debug_abbrev  0x0000000000002bc2      0x299 /tmp/cclgu8Ps.o
 .debug_abbrev  0x0000000000002e5b       0x4b /tmp/cc8arHMr.o
 .debug_abbrev  0x0000000000002ea6      0x22f /tmp/ccQB7LQq.o
 .debug_abbrev  0x00000000000030d5       0x26 /tmp/ccWAxjXp.o
 .debug_abbrev  0x00000000000030fb      0x111 /tmp/ccBQ0jap.o
 .debug_abbrev  0x000000000000320c      0x1c3 /tmp/ccIxw6to.o
 .debug_abbrev  0x00000000000033cf      0x101 /tmp/ccjqocUn.o
 .debug_abbrev  0x00000000000034d0       0x12 /tmp/cca66Wkn.o
 .debug_abbrev  0x00000000000034e2       0x14 /usr/lib/gcc/arm-none-eabi/4.8.2/../../../arm-none-eabi/lib/armv7e-m/fpu/libg.a(lib_a-memcpy.o)
 .debug_abbrev  0x00000000000034f6       0x9f /usr/lib/gcc/arm-none-eabi/4.8.2/../../../arm-none-eabi/lib/armv7e-m/fpu/libg.a(lib_a-memset.o)

.debug_line     0x0000000000000000     0x88cb
 *(.debug_line)
 .debug_line    0x0000000000000000      0x1e7 /tmp/ccEJ1ndP.o
 .debug_line    0x00000000000001e7      0x216 /tmp/ccFEtF2J.o
 .debug_line    0x00000000000003fd      0x758 /tmp/ccPL2z3E.o
 .debug_line    0x0000000000000b55      0x32a /tmp/ccuicY9z.o
 .debug_line    0x0000000000000e7f      0x5cb /tmp/cceUVhov.o
 .debug_line    0x000000000000144a      0x2be /tmp/ccjiCNGq.o
 .debug_line    0x0000000000001708       0x1d /tmp/ccPo771l.o
 .debug_line    0x0000000000001725      0x4b4 /tmp/cctAd5uh.o
 .debug_line    0x0000000000001bd9      0x24b /tmp/cc04N41c.o
 .debug_line    0x0000000000001e24      0x34f /tmp/ccHQMdH8.o
 .debug_line    0x0000000000002173      0x38b /tmp/ccEGYlu4.o
 .debug_line    0x00000000000024fe      0x318 /tmp/ccqaCOo0.o
 .debug_line    0x0000000000002816      0x2cd /tmp/ccu1QVpW.o
 .debug_line    0x0000000000002ae3      0x3d7 /tmp/cc9kENyS.o
 .debug_line    0x0000000000002eba      0xed3 /tmp/cckxVZgP.o
 .debug_line    0x0000000000003d8d      0x500 /tmp/ccXfQlcM.o
 .debug_line    0x000000000000428d      0x466 /tmp/ccWaTTgJ.o
 .debug_line    0x00000000000046f3      0x2b2 /tmp/cciTicsG.o
 .debug_line    0x00000000000049a5      0x85b /tmp/ccs6uKTD.o
 .debug_line    0x0000000000005200      0xd99 /tmp/cc2QhwLB.o
 .debug_line    0x0000000000005f99      0x5ee /tmp/ccSMKeRz.o
 .debug_line    0x0000000000006587      0x71a /tmp/ccs3VUay.o
 .debug_line    0x0000000000006ca1      0x5e3 /tmp/cc6ZrjFw.o
 .debug_line    0x0000000000007284      0x30c /tmp/ccLPTNgv.o
 .debug_line    0x0000000000007590      0x2d3 /tmp/ccws8qZt.o
 .debug_line    0x0000000000007863      0x2f8 /tmp/cclgu8Ps.o
 .debug_line    0x0000000000007b5b       0xc9 /tmp/cc8arHMr.o
 .debug_line    0x0000000000007c24      0x435 /tmp/ccQB7LQq.o
 .debug_line    0x0000000000008059       0x1d /tmp/ccWAxjXp.o
 .debug_line    0x0000000000008076      0x1f0 /tmp/ccBQ0jap.o
 .debug_line    0x0000000000008266      0x2ae /tmp/ccIxw6to.o
 .debug_line    0x0000000000008514      0x188 /tmp/ccjqocUn.o
 .debug_line    0x000000000000869c       0x72 /tmp/cca66Wkn.o
 .debug_line    0x000000000000870e       0xbb /usr/lib/gcc/arm-none-eabi/4.8.2/../../../arm-none-eabi/lib/armv7e-m/fpu/libg.a(lib_a-memcpy.o)
 .debug_line    0x00000000000087c9      0x102 /usr/lib/gcc/arm-none-eabi/4.8.2/../../../arm-none-eabi/lib/armv7e-m/fpu/libg.a(lib_a-memset.o)

.debug_frame    0x0000000000000000     0x4608
 *(.debug_frame)
 .debug_frame   0x0000000000000000       0xd0 /tmp/ccEJ1ndP.o
 .debug_frame   0x00000000000000d0       0x9c /tmp/ccFEtF2J.o
 .debug_frame   0x000000000000016c      0x550 /tmp/ccPL2z3E.o
 .debug_frame   0x00000000000006bc      0x168 /tmp/ccuicY9z.o
 .debug_frame   0x0000000000000824      0x35c /tmp/cceUVhov.o
 .debug_frame   0x0000000000000b80       0xf0 /tmp/ccjiCNGq.o
 .debug_frame   0x0000000000000c70      0x52c /tmp/cctAd5uh.o
 .debug_frame   0x000000000000119c      0x188 /tmp/cc04N41c.o
 .debug_frame   0x0000000000001324      0x1e4 /tmp/ccHQMdH8.o
 .debug_frame   0x0000000000001508      0x1c8 /tmp/ccEGYlu4.o
 .debug_frame   0x00000000000016d0      0x1d0 /tmp/ccqaCOo0.o
 .debug_frame   0x00000000000018a0       0xc0 /tmp/ccu1QVpW.o
 .debug_frame   0x0000000000001960       0xf4 /tmp/cc9kENyS.o
 .debug_frame   0x0000000000001a54      0x13c /tmp/cckxVZgP.o
 .debug_frame   0x0000000000001b90      0x314 /tmp/ccXfQlcM.o
 .debug_frame   0x0000000000001ea4      0x1d0 /tmp/ccWaTTgJ.o
 .debug_frame   0x0000000000002074       0x88 /tmp/cciTicsG.o
 .debug_frame   0x00000000000020fc      0x4d4 /tmp/ccs6uKTD.o
 .debug_frame   0x00000000000025d0      0xc98 /tmp/cc2QhwLB.o
 .debug_frame   0x0000000000003268      0x480 /tmp/ccSMKeRz.o
 .debug_frame   0x00000000000036e8      0x4a8 /tmp/ccs3VUay.o
 .debug_frame   0x0000000000003b90      0x1a0 /tmp/cc6ZrjFw.o
 .debug_frame   0x0000000000003d30       0x4c /tmp/ccLPTNgv.o
 .debug_frame   0x0000000000003d7c      0x228 /tmp/ccws8qZt.o
 .debug_frame   0x0000000000003fa4      0x35c /tmp/cclgu8Ps.o
 .debug_frame   0x0000000000004300      0x12c /tmp/ccQB7LQq.o
 .debug_frame   0x000000000000442c       0x48 /tmp/ccBQ0jap.o
 .debug_frame   0x0000000000004474      0x124 /tmp/ccIxw6to.o
 .debug_frame   0x0000000000004598       0x44 /tmp/ccjqocUn.o
 .debug_frame   0x00000000000045dc       0x2c /usr/lib/gcc/arm-none-eabi/4.8.2/../../../arm-none-eabi/lib/armv7e-m/fpu/libg.a(lib_a-memset.o)

.debug_str      0x0000000000000000     0x6d3c
 *(.debug_str)
 .debug_str     0x0000000000000000      0x320 /tmp/ccEJ1ndP.o
                                        0x36a (size before relaxing)
 .debug_str     0x0000000000000320      0x187 /tmp/ccFEtF2J.o
                                        0x2bf (size before relaxing)
 .debug_str     0x00000000000004a7      0x9a7 /tmp/ccPL2z3E.o
                                        0xbe4 (size before relaxing)
 .debug_str     0x0000000000000e4e      0x2e1 /tmp/ccuicY9z.o
                                        0x511 (size before relaxing)
 .debug_str     0x000000000000112f      0x4b2 /tmp/cceUVhov.o
                                        0x741 (size before relaxing)
 .debug_str     0x00000000000015e1      0x29f /tmp/ccjiCNGq.o
                                        0x4ee (size before relaxing)
 .debug_str     0x0000000000001880       0x69 /tmp/ccPo771l.o
                                        0x16e (size before relaxing)
 .debug_str     0x00000000000018e9      0x752 /tmp/cctAd5uh.o
                                        0x93c (size before relaxing)
 .debug_str     0x000000000000203b      0x2c3 /tmp/cc04N41c.o
                                        0x445 (size before relaxing)
 .debug_str     0x00000000000022fe      0x357 /tmp/ccHQMdH8.o
                                        0x517 (size before relaxing)
 .debug_str     0x0000000000002655      0x280 /tmp/ccEGYlu4.o
                                        0x59c (size before relaxing)
 .debug_str     0x00000000000028d5      0x3d0 /tmp/ccqaCOo0.o
                                        0x56d (size before relaxing)
 .debug_str     0x0000000000002ca5      0x121 /tmp/ccu1QVpW.o
                                        0x41c (size before relaxing)
 .debug_str     0x0000000000002dc6      0x1df /tmp/cc9kENyS.o
                                        0x4ea (size before relaxing)
 .debug_str     0x0000000000002fa5      0x3c2 /tmp/cckxVZgP.o
                                        0x5e2 (size before relaxing)
 .debug_str     0x0000000000003367      0x55f /tmp/ccXfQlcM.o
                                        0xa6c (size before relaxing)
 .debug_str     0x00000000000038c6      0x337 /tmp/ccWaTTgJ.o
                                        0xa8c (size before relaxing)
 .debug_str     0x0000000000003bfd      0x117 /tmp/cciTicsG.o
                                        0x56d (size before relaxing)
 .debug_str     0x0000000000003d14      0x56f /tmp/ccs6uKTD.o
                                        0xa2e (size before relaxing)
 .debug_str     0x0000000000004283      0xed9 /tmp/cc2QhwLB.o
                                       0x138b (size before relaxing)
 .debug_str     0x000000000000515c      0x570 /tmp/ccSMKeRz.o
                                        0xc3e (size before relaxing)
 .debug_str     0x00000000000056cc      0x4da /tmp/ccs3VUay.o
                                        0x9f3 (size before relaxing)
 .debug_str     0x0000000000005ba6      0x2ff /tmp/cc6ZrjFw.o
                                        0x6a4 (size before relaxing)
 .debug_str     0x0000000000005ea5      0x132 /tmp/ccLPTNgv.o
                                        0x425 (size before relaxing)
 .debug_str     0x0000000000005fd7      0x749 /tmp/ccws8qZt.o
                                        0xa51 (size before relaxing)
 .debug_str     0x0000000000006720      0x2c0 /tmp/cclgu8Ps.o
                                        0xada (size before relaxing)
 .debug_str     0x00000000000069e0       0x77 /tmp/cc8arHMr.o
                                        0x1c4 (size before relaxing)
 .debug_str     0x0000000000006a57       0xd7 /tmp/ccQB7LQq.o
                                       0x15a7 (size before relaxing)
 .debug_str     0x0000000000006b2e        0xf /tmp/ccWAxjXp.o
                                        0x13d (size before relaxing)
 .debug_str     0x0000000000006b3d       0x3b /tmp/ccBQ0jap.o
                                        0x435 (size before relaxing)
 .debug_str     0x0000000000006b78       0x22 /tmp/ccIxw6to.o
                                       0x12a7 (size before relaxing)
 .debug_str     0x0000000000006b9a       0x42 /tmp/ccjqocUn.o
                                        0x334 (size before relaxing)
 .debug_str     0x0000000000006bdc      0x160 /usr/lib/gcc/arm-none-eabi/4.8.2/../../../arm-none-eabi/lib/armv7e-m/fpu/libg.a(lib_a-memset.o)
                                        0x200 (size before relaxing)

.debug_loc      0x0000000000000000      0x18b
 *(.debug_loc)
 .debug_loc     0x0000000000000000      0x18b /usr/lib/gcc/arm-none-eabi/4.8.2/../../../arm-none-eabi/lib/armv7e-m/fpu/libg.a(lib_a-memset.o)

.debug_macinfo
 *(.debug_macinfo)

.debug_weaknames
 *(.debug_weaknames)

.debug_funcnames
 *(.debug_funcnames)

.debug_typenames
 *(.debug_typenames)

.debug_varnames
 *(.debug_varnames)
OUTPUT(seismo.elf elf32-littlearm)

.debug_ranges   0x0000000000000000       0x30
 .debug_ranges  0x0000000000000000       0x20 /tmp/cca66Wkn.o
 .debug_ranges  0x0000000000000020       0x10 /usr/lib/gcc/arm-none-eabi/4.8.2/../../../arm-none-eabi/lib/armv7e-m/fpu/libg.a(lib_a-memset.o)
